2024-12-23 03:56:31,481 - ERROR - Error opening link: https://www.linkedin.com/in/raj-kumar-50b290199?miniProfileUrn=urn%3Ali%3Afs_miniProfile%3AACoAAC5-Q9sBbcVjV_sHu7bresjwiAQe2k8sMLw, Error: HTTPConnectionPool(host='localhost', port=64844): Max retries exceeded with url: /session/2abe003eaf491551c8b25e104053dced/execute/sync (Caused by NewConnectionError('<urllib3.connection.HTTPConnection object at 0x000001BB5E1857F0>: Failed to establish a new connection: [WinError 10061] No connection could be made because the target machine actively refused it'))
2024-12-23 03:56:31,482 - ERROR - Error opening link: https://www.linkedin.com/in/akrati-chauhan-53783759?miniProfileUrn=urn%3Ali%3Afs_miniProfile%3AACoAAAxnVTsBD9VQKvEKr50D00etotwuXmmWAhw, Error: HTTPConnectionPool(host='localhost', port=64844): Max retries exceeded with url: /session/2abe003eaf491551c8b25e104053dced/execute/sync (Caused by NewConnectionError('<urllib3.connection.HTTPConnection object at 0x000001BB5E1851F0>: Failed to establish a new connection: [WinError 10061] No connection could be made because the target machine actively refused it'))
2024-12-23 03:56:31,482 - ERROR - Error opening link: https://www.linkedin.com/in/shadabmalik317?miniProfileUrn=urn%3Ali%3Afs_miniProfile%3AACoAADX88YQBq7q7Kj6X73QMa5KtPEmYgl6TvDk, Error: HTTPConnectionPool(host='localhost', port=64844): Max retries exceeded with url: /session/2abe003eaf491551c8b25e104053dced/execute/sync (Caused by NewConnectionError('<urllib3.connection.HTTPConnection object at 0x000001BB5E1853A0>: Failed to establish a new connection: [WinError 10061] No connection could be made because the target machine actively refused it'))
2024-12-23 03:56:31,482 - ERROR - Error opening link: https://www.linkedin.com/in/harsh88h?miniProfileUrn=urn%3Ali%3Afs_miniProfile%3AACoAADOSlPABBJQhmiM0iWrF5ZmVeuj_kWx8Hv8, Error: HTTPConnectionPool(host='localhost', port=64844): Max retries exceeded with url: /session/2abe003eaf491551c8b25e104053dced/execute/sync (Caused by NewConnectionError('<urllib3.connection.HTTPConnection object at 0x000001BB5E1849E0>: Failed to establish a new connection: [WinError 10061] No connection could be made because the target machine actively refused it'))
2024-12-23 03:56:31,482 - ERROR - Error opening link: https://www.linkedin.com/in/vivek-%E2%81%A3-5b158a16a?miniProfileUrn=urn%3Ali%3Afs_miniProfile%3AACoAAChO6tUBfgWEiNwaIOvNv-b8wTcnXyfEvRs, Error: HTTPConnectionPool(host='localhost', port=64844): Max retries exceeded with url: /session/2abe003eaf491551c8b25e104053dced/execute/sync (Caused by NewConnectionError('<urllib3.connection.HTTPConnection object at 0x000001BB5E1852B0>: Failed to establish a new connection: [WinError 10061] No connection could be made because the target machine actively refused it'))
2024-12-23 03:56:31,482 - ERROR - Error opening link: https://www.linkedin.com/in/samarth-singh-6a490a165?miniProfileUrn=urn%3Ali%3Afs_miniProfile%3AACoAACd3w1wBfQmcYaEkcFjDZFDbyMvSzH9mHDQ, Error: HTTPConnectionPool(host='localhost', port=64844): Max retries exceeded with url: /session/2abe003eaf491551c8b25e104053dced/execute/sync (Caused by NewConnectionError('<urllib3.connection.HTTPConnection object at 0x000001BB5E185010>: Failed to establish a new connection: [WinError 10061] No connection could be made because the target machine actively refused it'))
2024-12-23 03:56:31,497 - ERROR - Error opening link: https://www.linkedin.com/in/utkarsh-bisaria?miniProfileUrn=urn%3Ali%3Afs_miniProfile%3AACoAACOd8rQBjYzVaa8h2UiHXVSnEPpXiWPoKhg, Error: HTTPConnectionPool(host='localhost', port=64844): Max retries exceeded with url: /session/2abe003eaf491551c8b25e104053dced/execute/sync (Caused by NewConnectionError('<urllib3.connection.HTTPConnection object at 0x000001BB5E187C50>: Failed to establish a new connection: [WinError 10061] No connection could be made because the target machine actively refused it'))
2024-12-23 03:56:31,497 - ERROR - Error opening link: https://www.linkedin.com/in/arushigoel1009?miniProfileUrn=urn%3Ali%3Afs_miniProfile%3AACoAABAhypsB3w7IV-79knejOWRwYoHNtqxFjj0, Error: HTTPConnectionPool(host='localhost', port=64844): Max retries exceeded with url: /session/2abe003eaf491551c8b25e104053dced/execute/sync (Caused by NewConnectionError('<urllib3.connection.HTTPConnection object at 0x000001BB5E185340>: Failed to establish a new connection: [WinError 10061] No connection could be made because the target machine actively refused it'))
2024-12-23 03:56:31,528 - ERROR - Error opening link: https://www.linkedin.com/in/mrkaranbhatia?miniProfileUrn=urn%3Ali%3Afs_miniProfile%3AACoAAAyPkKkBOw0jVV2L0qc_74LxbKBt61NnIZc, Error: HTTPConnectionPool(host='localhost', port=64844): Max retries exceeded with url: /session/2abe003eaf491551c8b25e104053dced/execute/sync (Caused by NewConnectionError('<urllib3.connection.HTTPConnection object at 0x000001BB5E185970>: Failed to establish a new connection: [WinError 10061] No connection could be made because the target machine actively refused it'))
2024-12-23 03:56:31,544 - ERROR - Error opening link: https://www.linkedin.com/in/vishal-kushwaha-profile?miniProfileUrn=urn%3Ali%3Afs_miniProfile%3AACoAAB0sc80B_L03DM4uobRXXTbuj9hHP3mH1Vs, Error: HTTPConnectionPool(host='localhost', port=64844): Max retries exceeded with url: /session/2abe003eaf491551c8b25e104053dced/execute/sync (Caused by NewConnectionError('<urllib3.connection.HTTPConnection object at 0x000001BB5E186270>: Failed to establish a new connection: [WinError 10061] No connection could be made because the target machine actively refused it'))
Press Enter to close the browser...2024-12-23 04:00:49,506 - ERROR - Next button not found or not clickable. End of pagination.
